// Jest Snapshot v1, https://goo.gl/fbAQLP

exports[`CompanyCard matches snapshot 1`] = `
<div>
  <li
    class="card text-white flex flex-col items-end justify-between h-[220px] md:h-[300px] bg-center bg-no-repeat bg-cover p-3 "
  >
    <div>
      <svg
        aria-hidden="true"
        fill="none"
        height="1em"
        stroke="currentColor"
        stroke-width="1.5"
        style="font-size: 1.6rem;"
        viewBox="0 0 24 24"
        width="1em"
        xmlns="http://www.w3.org/2000/svg"
      >
        <path
          d="M12.75 15l3-3m0 0l-3-3m3 3h-7.5M21 12a9 9 0 11-18 0 9 9 0 0118 0z"
          stroke-linecap="round"
          stroke-linejoin="round"
        />
      </svg>
    </div>
    <h2
      class=" flex flex-col gap-2"
    >
      <p
        class="text-base md:text-2xl"
      >
        Tesla, Inc
      </p>
      <span
        class="bg-slate-600 text-sm self-end rounded-md py-1 px-3 tracking-widest"
      >
        TSLA
      </span>
      <span
        class="self-end text-base md:text-2xl"
      >
        $
        150.25
      </span>
    </h2>
  </li>
</div>
`;
