// Jest Snapshot v1, https://goo.gl/fbAQLP

exports[`OverView matches snapshot 1`] = `
<div>
  <div
    class="mb-3 px-4"
  >
    <a
      class="flex gap-4 items-center mb-4"
      href="/"
    >
      <svg
        aria-hidden="true"
        class="text-white text-2xl"
        fill="currentColor"
        height="1em"
        stroke="currentColor"
        stroke-width="0"
        viewBox="0 0 20 20"
        width="1em"
        xmlns="http://www.w3.org/2000/svg"
      >
        <path
          clip-rule="evenodd"
          d="M7.707 14.707a1 1 0 01-1.414 0l-4-4a1 1 0 010-1.414l4-4a1 1 0 011.414 1.414L5.414 9H17a1 1 0 110 2H5.414l2.293 2.293a1 1 0 010 1.414z"
          fill-rule="evenodd"
        />
      </svg>
      <p
        class="text-white text-xl"
      >
        Back Home
      </p>
    </a>
    <div
      class="flex justify-center items-start gap-6"
    >
      <div
        class=""
      >
        <img
          alt="Company"
          class=" object-cover"
          src="image-url.jpg"
        />
      </div>
    </div>
    <nav
      class="py-2 w-full "
    >
      <ul
        class="flex md:w-[55%] mx-auto justify-between gap-4"
      >
        <li>
          <a
            aria-current="page"
            class="text-white text-xl active"
            href="/"
            style="border-bottom: 1px solid #fff; color: rgb(244, 238, 224); padding: 2px;"
          >
            Info
          </a>
        </li>
        <li>
          <a
            class="text-white text-xl"
            href="/description"
          >
            Description
          </a>
        </li>
        <li>
          <a
            class="text-white text-xl"
            href="/statement"
          >
            Statement
          </a>
        </li>
      </ul>
    </nav>
  </div>
</div>
`;
